// Jest Snapshot v1, https://goo.gl/fbAQLP

exports[`DefiedgeV3Factory #createPool gas 1`] = `4557092`;

exports[`DefiedgeV3Factory factory bytecode size 1`] = `24535`;

exports[`DefiedgeV3Factory pool bytecode size 1`] = `22142`;
